Copyright 1986-2022 Xilinx, Inc. All Rights Reserved. Copyright 2022-2025 Advanced Micro Devices, Inc. All Rights Reserved.
---------------------------------------------------------------------------------------------------------------------------------------------
| Tool Version : Vivado v.2024.2.2 (win64) Build 6060944 Thu Mar 06 19:10:01 MST 2025
| Date         : Fri Jul 17 21:07:20 2026
| Host         : REED-MVOT running 64-bit major release  (build 9200)
| Command      : report_utilization -file design_1_wrapper_utilization_placed.rpt -pb design_1_wrapper_utilization_placed.pb
| Design       : design_1_wrapper
| Device       : xczu3eg-sfvc784-1-i
| Speed File   : -1
| Design State : Fully Placed
---------------------------------------------------------------------------------------------------------------------------------------------

Utilization Design Information

Table of Contents
-----------------
1. CLB Logic
1.1 Summary of Registers by Type
2. CLB Logic Distribution
3. BLOCKRAM
4. ARITHMETIC
5. I/O
6. CLOCK
7. ADVANCED
8. CONFIGURATION
9. Primitives
10. Black Boxes
11. Instantiated Netlists

1. CLB Logic
------------

+----------------------------+------+-------+------------+-----------+-------+
|          Site Type         | Used | Fixed | Prohibited | Available | Util% |
+----------------------------+------+-------+------------+-----------+-------+
| CLB LUTs                   | 2826 |     0 |          0 |     70560 |  4.01 |
|   LUT as Logic             | 2806 |     0 |          0 |     70560 |  3.98 |
|   LUT as Memory            |   20 |     0 |          0 |     28800 |  0.07 |
|     LUT as Distributed RAM |   16 |     0 |            |           |       |
|     LUT as Shift Register  |    4 |     0 |            |           |       |
| CLB Registers              | 4183 |     0 |          0 |    141120 |  2.96 |
|   Register as Flip Flop    | 4183 |     0 |          0 |    141120 |  2.96 |
|   Register as Latch        |    0 |     0 |          0 |    141120 |  0.00 |
| CARRY8                     |   69 |     0 |          0 |      8820 |  0.78 |
| F7 Muxes                   |   29 |     0 |          0 |     35280 |  0.08 |
| F8 Muxes                   |    4 |     0 |          0 |     17640 |  0.02 |
| F9 Muxes                   |    0 |     0 |          0 |      8820 |  0.00 |
+----------------------------+------+-------+------------+-----------+-------+
* Warning! LUT value is adjusted to account for LUT combining.


1.1 Summary of Registers by Type
--------------------------------

+-------+--------------+-------------+--------------+
| Total | Clock Enable | Synchronous | Asynchronous |
+-------+--------------+-------------+--------------+
| 0     |            _ |           - |            - |
| 0     |            _ |           - |          Set |
| 0     |            _ |           - |        Reset |
| 0     |            _ |         Set |            - |
| 0     |            _ |       Reset |            - |
| 0     |          Yes |           - |            - |
| 11    |          Yes |           - |          Set |
| 72    |          Yes |           - |        Reset |
| 181   |          Yes |         Set |            - |
| 3919  |          Yes |       Reset |            - |
+-------+--------------+-------------+--------------+


2. CLB Logic Distribution
-------------------------

+--------------------------------------------+------+-------+------------+-----------+-------+
|                  Site Type                 | Used | Fixed | Prohibited | Available | Util% |
+--------------------------------------------+------+-------+------------+-----------+-------+
| CLB                                        |  684 |     0 |          0 |      8820 |  7.76 |
|   CLBL                                     |  431 |     0 |            |           |       |
|   CLBM                                     |  253 |     0 |            |           |       |
| LUT as Logic                               | 2806 |     0 |          0 |     70560 |  3.98 |
|   using O5 output only                     |  104 |       |            |           |       |
|   using O6 output only                     | 1816 |       |            |           |       |
|   using O5 and O6                          |  886 |       |            |           |       |
| LUT as Memory                              |   20 |     0 |          0 |     28800 |  0.07 |
|   LUT as Distributed RAM                   |   16 |     0 |            |           |       |
|     using O5 output only                   |    0 |       |            |           |       |
|     using O6 output only                   |   16 |       |            |           |       |
|     using O5 and O6                        |    0 |       |            |           |       |
|   LUT as Shift Register                    |    4 |     0 |            |           |       |
|     using O5 output only                   |    0 |       |            |           |       |
|     using O6 output only                   |    4 |       |            |           |       |
|     using O5 and O6                        |    0 |       |            |           |       |
| CLB Registers                              | 4183 |     0 |          0 |    141120 |  2.96 |
|   Register driven from within the CLB      | 1946 |       |            |           |       |
|   Register driven from outside the CLB     | 2237 |       |            |           |       |
|     LUT in front of the register is unused | 1750 |       |            |           |       |
|     LUT in front of the register is used   |  487 |       |            |           |       |
| Unique Control Sets                        |  301 |       |          0 |     17640 |  1.71 |
+--------------------------------------------+------+-------+------------+-----------+-------+
* * Note: Available Control Sets calculated as Slices * 2, Review the Control Sets Report for more information regarding control sets.


3. BLOCKRAM
-----------

+-------------------+------+-------+------------+-----------+-------+
|     Site Type     | Used | Fixed | Prohibited | Available | Util% |
+-------------------+------+-------+------------+-----------+-------+
| Block RAM Tile    |    8 |     0 |          0 |       216 |  3.70 |
|   RAMB36/FIFO*    |    6 |     0 |          0 |       216 |  2.78 |
|     RAMB36E2 only |    6 |       |            |           |       |
|   RAMB18          |    4 |     0 |          0 |       432 |  0.93 |
|     RAMB18E2 only |    4 |       |            |           |       |
+-------------------+------+-------+------------+-----------+-------+
* Note: Each Block RAM Tile only has one FIFO logic available and therefore can accommodate only one FIFO36E2 or one FIFO18E2. However, if a FIFO18E2 occupies a Block RAM Tile, that tile can still accommodate a RAMB18E2


4. ARITHMETIC
-------------

+----------------+------+-------+------------+-----------+-------+
|    Site Type   | Used | Fixed | Prohibited | Available | Util% |
+----------------+------+-------+------------+-----------+-------+
| DSPs           |    5 |     0 |          0 |       360 |  1.39 |
|   DSP48E2 only |    5 |       |            |           |       |
+----------------+------+-------+------------+-----------+-------+


5. I/O
------

+------------------+------+-------+------------+-----------+-------+
|     Site Type    | Used | Fixed | Prohibited | Available | Util% |
+------------------+------+-------+------------+-----------+-------+
| Bonded IOB       |   15 |     0 |          0 |       252 |  5.95 |
| HPIOB_M          |    8 |     0 |          0 |        72 | 11.11 |
|   INPUT          |    4 |       |            |           |       |
|   OUTPUT         |    4 |       |            |           |       |
|   BIDIR          |    0 |       |            |           |       |
| HPIOB_S          |    7 |     0 |          0 |        72 |  9.72 |
|   INPUT          |    4 |       |            |           |       |
|   OUTPUT         |    3 |       |            |           |       |
|   BIDIR          |    0 |       |            |           |       |
| HDIOB_M          |    0 |     0 |          0 |        48 |  0.00 |
| HDIOB_S          |    0 |     0 |          0 |        48 |  0.00 |
| HPIOB_SNGL       |    0 |     0 |          0 |        12 |  0.00 |
| HPIOBDIFFINBUF   |    1 |     0 |          0 |        72 |  1.39 |
|   DIFFINBUF      |    1 |       |            |           |       |
| HPIOBDIFFOUTBUF  |    0 |     0 |          0 |        72 |  0.00 |
| HDIOBDIFFINBUF   |    0 |     0 |          0 |        48 |  0.00 |
| BITSLICE_CONTROL |    0 |     0 |          0 |        24 |  0.00 |
| BITSLICE_RX_TX   |   11 |     0 |          0 |       936 |  1.18 |
|   OSERDES        |    6 |       |            |           |       |
|   IDDR           |    5 |       |            |           |       |
| BITSLICE_TX      |    0 |     0 |          0 |        24 |  0.00 |
| RIU_OR           |    0 |     0 |          0 |        12 |  0.00 |
+------------------+------+-------+------------+-----------+-------+


6. CLOCK
--------

+------------+------+-------+------------+-----------+--------+
|  Site Type | Used | Fixed | Prohibited | Available |  Util% |
+------------+------+-------+------------+-----------+--------+
| BUFGCE     |    6 |     0 |          0 |        88 |   6.82 |
| BUFGCE_DIV |    0 |     0 |          0 |        12 |   0.00 |
| BUFG_PS    |    0 |     0 |          0 |        72 |   0.00 |
| BUFGCTRL*  |    0 |     0 |          0 |        24 |   0.00 |
| PLL        |    0 |     0 |          0 |         6 |   0.00 |
| MMCM       |    3 |     0 |          0 |         3 | 100.00 |
+------------+------+-------+------------+-----------+--------+
* Note: Each used BUFGCTRL counts as two GLOBAL CLOCK BUFFERs. This table does not include global clocking resources, only buffer cell usage. See the Clock Utilization Report (report_clock_utilization) for detailed accounting of global clocking resource availability.


7. ADVANCED
-----------

+-----------+------+-------+------------+-----------+--------+
| Site Type | Used | Fixed | Prohibited | Available |  Util% |
+-----------+------+-------+------------+-----------+--------+
| PS8       |    1 |     0 |          0 |         1 | 100.00 |
| SYSMONE4  |    0 |     0 |          0 |         1 |   0.00 |
+-----------+------+-------+------------+-----------+--------+


8. CONFIGURATION
----------------

+-------------+------+-------+------------+-----------+-------+
|  Site Type  | Used | Fixed | Prohibited | Available | Util% |
+-------------+------+-------+------------+-----------+-------+
| BSCANE2     |    0 |     0 |          0 |         4 |  0.00 |
| DNA_PORTE2  |    0 |     0 |          0 |         1 |  0.00 |
| EFUSE_USR   |    0 |     0 |          0 |         1 |  0.00 |
| FRAME_ECCE4 |    0 |     0 |          0 |         1 |  0.00 |
| ICAPE3      |    0 |     0 |          0 |         2 |  0.00 |
| MASTER_JTAG |    0 |     0 |          0 |         1 |  0.00 |
| STARTUPE3   |    0 |     0 |          0 |         1 |  0.00 |
+-------------+------+-------+------------+-----------+-------+


9. Primitives
-------------

+------------+------+---------------------+
|  Ref Name  | Used | Functional Category |
+------------+------+---------------------+
| FDRE       | 3919 |            Register |
| LUT6       | 1017 |                 CLB |
| LUT2       |  811 |                 CLB |
| LUT3       |  692 |                 CLB |
| LUT4       |  538 |                 CLB |
| LUT5       |  457 |                 CLB |
| FDSE       |  181 |            Register |
| LUT1       |  177 |                 CLB |
| FDCE       |   72 |            Register |
| CARRY8     |   69 |                 CLB |
| MUXF7      |   29 |                 CLB |
| RAMD64E    |   16 |                 CLB |
| FDPE       |   11 |            Register |
| OBUF       |    7 |                 I/O |
| IBUFCTRL   |    7 |              Others |
| RAMB36E2   |    6 |            BLOCKRAM |
| OSERDESE3  |    6 |                 I/O |
| INBUF      |    6 |                 I/O |
| BUFGCE     |    6 |               Clock |
| IDDRE1     |    5 |            Register |
| DSP48E2    |    5 |          Arithmetic |
| SRL16E     |    4 |                 CLB |
| RAMB18E2   |    4 |            BLOCKRAM |
| MUXF8      |    4 |                 CLB |
| MMCME4_ADV |    3 |               Clock |
| PS8        |    1 |            Advanced |
| DIFFINBUF  |    1 |                 I/O |
+------------+------+---------------------+


10. Black Boxes
---------------

+----------------------------------------------------------------------+------+
|                               Ref Name                               | Used |
+----------------------------------------------------------------------+------+
| design_1_smartconnect_0_0_sc_node_v1_0_17_mi_handler__parameterized3 |    1 |
| design_1_smartconnect_0_0_sc_node_v1_0_17_mi_handler__parameterized2 |    1 |
| design_1_smartconnect_0_0_sc_node_v1_0_17_mi_handler__parameterized1 |    1 |
| design_1_smartconnect_0_0_sc_node_v1_0_17_mi_handler__parameterized0 |    1 |
| design_1_smartconnect_0_0_sc_node_v1_0_17_mi_handler                 |    1 |
+----------------------------------------------------------------------+------+


11. Instantiated Netlists
-------------------------

+------------------------------------+------+
|              Ref Name              | Used |
+------------------------------------+------+
| design_1_zynq_ultra_ps_e_0_0       |    1 |
| design_1_smartconnect_0_0          |    1 |
| design_1_psr_200m_0                |    1 |
| design_1_psr_125m_0                |    1 |
| design_1_psr_100m_0                |    1 |
| design_1_gige_dual_speed_top_0_0   |    1 |
| design_1_clk_wiz_2_0               |    1 |
| design_1_clk_wiz_1_0               |    1 |
| design_1_clk_wiz_0_0               |    1 |
| design_1_brenner_accel_0_0         |    1 |
| design_1_axis_dwidth_converter_0_0 |    1 |
| design_1_axis_data_fifo_0_0        |    1 |
| design_1_axi_clk_conv_0_0          |    1 |
+------------------------------------+------+


